[INFO] Scanning for projects...
[INFO] 
[INFO] --------------------< com.quizapp:quiz-app-backend >--------------------
[INFO] Building quiz-app-backend 1.0.0
[INFO]   from pom.xml
[INFO] --------------------------------[ jar ]---------------------------------
[INFO] 
[INFO] --- resources:3.2.0:resources (default-resources) @ quiz-app-backend ---
[INFO] Using 'UTF-8' encoding to copy filtered resources.
[INFO] Using 'UTF-8' encoding to copy filtered properties files.
[INFO] Copying 1 resource
[INFO] Copying 0 resource
[INFO] 
[INFO] --- compiler:3.10.1:compile (default-compile) @ quiz-app-backend ---
[INFO] Changes detected - recompiling the module!
[INFO] Compiling 70 source files to G:\QuizApp\backend\target\classes
[INFO] 某些消息已经过简化; 请使用 -Xdiags:verbose 重新编译以获得完整输出
[INFO] -------------------------------------------------------------
[ERROR] COMPILATION ERROR : 
[INFO] -------------------------------------------------------------
[ERROR] /G:/QuizApp/backend/src/main/java/com/quizapp/service/impl/AdminServiceImpl.java:[65,72] 找不到符号
  符号:   方法 isBlank()
  位置: 类 java.lang.String
[ERROR] /G:/QuizApp/backend/src/main/java/com/quizapp/service/impl/AdminServiceImpl.java:[71,62] 找不到符号
  符号:   方法 isBlank()
  位置: 类 java.lang.String
[ERROR] /G:/QuizApp/backend/src/main/java/com/quizapp/service/impl/AdminServiceImpl.java:[77,57] 对于findAll(org.springframework.data.jpa.domain.Specification<com.quizapp.entity.Question>,org.springframework.data.domain.Pageable), 找不到合适的方法
    方法 org.springframework.data.repository.query.QueryByExampleExecutor.<S>findAll(org.springframework.data.domain.Example<S>)不适用
      (无法推断类型变量 S
        (实际参数列表和形式参数列表长度不同))
    方法 org.springframework.data.repository.query.QueryByExampleExecutor.<S>findAll(org.springframework.data.domain.Example<S>,org.springframework.data.domain.Sort)不适用
      (无法推断类型变量 S
        (参数不匹配; org.springframework.data.jpa.domain.Specification<com.quizapp.entity.Question>无法转换为org.springframework.data.domain.Example<S>))
    方法 org.springframework.data.repository.query.QueryByExampleExecutor.<S>findAll(org.springframework.data.domain.Example<S>,org.springframework.data.domain.Pageable)不适用
      (无法推断类型变量 S
        (参数不匹配; org.springframework.data.jpa.domain.Specification<com.quizapp.entity.Question>无法转换为org.springframework.data.domain.Example<S>))
    方法 org.springframework.data.jpa.repository.JpaRepository.<S>findAll(org.springframework.data.domain.Example<S>)不适用
      (无法推断类型变量 S
        (实际参数列表和形式参数列表长度不同))
    方法 org.springframework.data.jpa.repository.JpaRepository.<S>findAll(org.springframework.data.domain.Example<S>,org.springframework.data.domain.Sort)不适用
      (无法推断类型变量 S
        (参数不匹配; org.springframework.data.jpa.domain.Specification<com.quizapp.entity.Question>无法转换为org.springframework.data.domain.Example<S>))
[ERROR] /G:/QuizApp/backend/src/main/java/com/quizapp/service/impl/AdminServiceImpl.java:[103,24] 找不到符号
  符号:   方法 isEmpty()
  位置: 类型为java.util.Optional<com.quizapp.entity.Question>的变量 existingOpt
[ERROR] /G:/QuizApp/backend/src/main/java/com/quizapp/service/impl/AdminServiceImpl.java:[132,24] 找不到符号
  符号:   方法 isEmpty()
  位置: 类型为java.util.Optional<com.quizapp.entity.Question>的变量 questionOpt
[ERROR] /G:/QuizApp/backend/src/main/java/com/quizapp/service/impl/AdminServiceImpl.java:[161,20] 找不到符号
  符号:   方法 isEmpty()
  位置: 类型为java.util.Optional<com.quizapp.entity.User>的变量 userOpt
[ERROR] /G:/QuizApp/backend/src/main/java/com/quizapp/service/impl/AdminServiceImpl.java:[190,24] 找不到符号
  符号:   方法 isEmpty()
  位置: 类型为java.util.Optional<com.quizapp.entity.Category>的变量 existingOpt
[ERROR] /G:/QuizApp/backend/src/main/java/com/quizapp/service/impl/PracticeServiceImpl.java:[106,23] 找不到符号
  符号:   方法 isEmpty()
  位置: 类型为java.util.Optional<com.quizapp.entity.PracticeSession>的变量 sessionOpt
[ERROR] /G:/QuizApp/backend/src/main/java/com/quizapp/service/impl/PracticeServiceImpl.java:[111,24] 找不到符号
  符号:   方法 isEmpty()
  位置: 类型为java.util.Optional<com.quizapp.entity.Question>的变量 questionOpt
[ERROR] /G:/QuizApp/backend/src/main/java/com/quizapp/service/impl/PracticeServiceImpl.java:[139,61] 不兼容的类型: java.lang.Integer无法转换为java.lang.Long
[ERROR] /G:/QuizApp/backend/src/main/java/com/quizapp/service/impl/PracticeServiceImpl.java:[158,23] 找不到符号
  符号:   方法 isEmpty()
  位置: 类型为java.util.Optional<com.quizapp.entity.PracticeSession>的变量 sessionOpt
[ERROR] /G:/QuizApp/backend/src/main/java/com/quizapp/service/impl/PracticeServiceImpl.java:[178,23] 找不到符号
  符号:   方法 isEmpty()
  位置: 类型为java.util.Optional<com.quizapp.entity.PracticeSession>的变量 sessionOpt
[ERROR] /G:/QuizApp/backend/src/main/java/com/quizapp/service/impl/PracticeServiceImpl.java:[232,42] 无法将接口 com.quizapp.repository.QuestionRepository中的方法 findByStatus应用到给定类型;
  需要: java.lang.Integer,org.springframework.data.domain.Pageable
  找到: org.springframework.data.domain.Pageable
  原因: 实际参数列表和形式参数列表长度不同
[ERROR] /G:/QuizApp/backend/src/main/java/com/quizapp/service/impl/PracticeServiceImpl.java:[465,76] 找不到符号
  符号:   方法 isBlank()
  位置: 类 java.lang.String
[ERROR] /G:/QuizApp/backend/src/main/java/com/quizapp/service/impl/UserServiceImpl.java:[34,20] 找不到符号
  符号:   方法 isEmpty()
  位置: 类型为java.util.Optional<com.quizapp.entity.User>的变量 userOpt
[ERROR] /G:/QuizApp/backend/src/main/java/com/quizapp/service/impl/UserServiceImpl.java:[83,20] 找不到符号
  符号:   方法 isEmpty()
  位置: 类型为java.util.Optional<com.quizapp.entity.User>的变量 userOpt
[ERROR] /G:/QuizApp/backend/src/main/java/com/quizapp/service/impl/UserServiceImpl.java:[95,20] 找不到符号
  符号:   方法 isEmpty()
  位置: 类型为java.util.Optional<com.quizapp.entity.User>的变量 userOpt
[ERROR] /G:/QuizApp/backend/src/main/java/com/quizapp/service/impl/UserServiceImpl.java:[99,42] 找不到符号
  符号:   方法 isBlank()
  位置: 类型为java.lang.String的变量 nickname
[ERROR] /G:/QuizApp/backend/src/main/java/com/quizapp/service/impl/UserServiceImpl.java:[114,20] 找不到符号
  符号:   方法 isEmpty()
  位置: 类型为java.util.Optional<com.quizapp.entity.User>的变量 userOpt
[ERROR] /G:/QuizApp/backend/src/main/java/com/quizapp/service/impl/UserServiceImpl.java:[131,20] 找不到符号
  符号:   方法 isEmpty()
  位置: 类型为java.util.Optional<com.quizapp.entity.User>的变量 userOpt
[ERROR] /G:/QuizApp/backend/src/main/java/com/quizapp/service/impl/StatsServiceImpl.java:[71,19] 找不到符号
  符号:   方法 setCorrectRate(double)
  位置: 类型为com.quizapp.vo.UserStatsVO的变量 vo
[ERROR] /G:/QuizApp/backend/src/main/java/com/quizapp/service/impl/StatsServiceImpl.java:[73,19] 找不到符号
  符号:   方法 setCorrectRate(double)
  位置: 类型为com.quizapp.vo.UserStatsVO的变量 vo
[ERROR] /G:/QuizApp/backend/src/main/java/com/quizapp/service/impl/StatsServiceImpl.java:[79,15] 找不到符号
  符号:   方法 setCorrectRate(double)
  位置: 类型为com.quizapp.vo.UserStatsVO的变量 vo
[ERROR] /G:/QuizApp/backend/src/main/java/com/quizapp/service/impl/QuestionServiceImpl.java:[69,72] 找不到符号
  符号:   方法 isBlank()
  位置: 类 java.lang.String
[ERROR] /G:/QuizApp/backend/src/main/java/com/quizapp/service/impl/QuestionServiceImpl.java:[75,62] 找不到符号
  符号:   方法 isBlank()
  位置: 类 java.lang.String
[ERROR] /G:/QuizApp/backend/src/main/java/com/quizapp/service/impl/QuestionServiceImpl.java:[81,57] 对于findAll(org.springframework.data.jpa.domain.Specification<com.quizapp.entity.Question>,org.springframework.data.domain.Pageable), 找不到合适的方法
    方法 org.springframework.data.repository.query.QueryByExampleExecutor.<S>findAll(org.springframework.data.domain.Example<S>)不适用
      (无法推断类型变量 S
        (实际参数列表和形式参数列表长度不同))
    方法 org.springframework.data.repository.query.QueryByExampleExecutor.<S>findAll(org.springframework.data.domain.Example<S>,org.springframework.data.domain.Sort)不适用
      (无法推断类型变量 S
        (参数不匹配; org.springframework.data.jpa.domain.Specification<com.quizapp.entity.Question>无法转换为org.springframework.data.domain.Example<S>))
    方法 org.springframework.data.repository.query.QueryByExampleExecutor.<S>findAll(org.springframework.data.domain.Example<S>,org.springframework.data.domain.Pageable)不适用
      (无法推断类型变量 S
        (参数不匹配; org.springframework.data.jpa.domain.Specification<com.quizapp.entity.Question>无法转换为org.springframework.data.domain.Example<S>))
    方法 org.springframework.data.jpa.repository.JpaRepository.<S>findAll(org.springframework.data.domain.Example<S>)不适用
      (无法推断类型变量 S
        (实际参数列表和形式参数列表长度不同))
    方法 org.springframework.data.jpa.repository.JpaRepository.<S>findAll(org.springframework.data.domain.Example<S>,org.springframework.data.domain.Sort)不适用
      (无法推断类型变量 S
        (参数不匹配; org.springframework.data.jpa.domain.Specification<com.quizapp.entity.Question>无法转换为org.springframework.data.domain.Example<S>))
[ERROR] /G:/QuizApp/backend/src/main/java/com/quizapp/service/impl/QuestionServiceImpl.java:[98,24] 找不到符号
  符号:   方法 isEmpty()
  位置: 类型为java.util.Optional<com.quizapp.entity.Question>的变量 questionOpt
[ERROR] /G:/QuizApp/backend/src/main/java/com/quizapp/service/impl/QuestionServiceImpl.java:[153,54] 对于findAll(org.springframework.data.jpa.domain.Specification<com.quizapp.entity.Question>), 找不到合适的方法
    方法 org.springframework.data.repository.query.QueryByExampleExecutor.<S>findAll(org.springframework.data.domain.Example<S>)不适用
      (无法推断类型变量 S
        (参数不匹配; org.springframework.data.jpa.domain.Specification<com.quizapp.entity.Question>无法转换为org.springframework.data.domain.Example<S>))
    方法 org.springframework.data.repository.query.QueryByExampleExecutor.<S>findAll(org.springframework.data.domain.Example<S>,org.springframework.data.domain.Sort)不适用
      (无法推断类型变量 S
        (实际参数列表和形式参数列表长度不同))
    方法 org.springframework.data.repository.query.QueryByExampleExecutor.<S>findAll(org.springframework.data.domain.Example<S>,org.springframework.data.domain.Pageable)不适用
      (无法推断类型变量 S
        (实际参数列表和形式参数列表长度不同))
    方法 org.springframework.data.repository.PagingAndSortingRepository.findAll(org.springframework.data.domain.Sort)不适用
      (参数不匹配; org.springframework.data.jpa.domain.Specification<com.quizapp.entity.Question>无法转换为org.springframework.data.domain.Sort)
    方法 org.springframework.data.repository.PagingAndSortingRepository.findAll(org.springframework.data.domain.Pageable)不适用
      (参数不匹配; org.springframework.data.jpa.domain.Specification<com.quizapp.entity.Question>无法转换为org.springframework.data.domain.Pageable)
    方法 org.springframework.data.jpa.repository.JpaRepository.findAll(org.springframework.data.domain.Sort)不适用
      (参数不匹配; org.springframework.data.jpa.domain.Specification<com.quizapp.entity.Question>无法转换为org.springframework.data.domain.Sort)
    方法 org.springframework.data.jpa.repository.JpaRepository.<S>findAll(org.springframework.data.domain.Example<S>)不适用
      (无法推断类型变量 S
        (参数不匹配; org.springframework.data.jpa.domain.Specification<com.quizapp.entity.Question>无法转换为org.springframework.data.domain.Example<S>))
    方法 org.springframework.data.jpa.repository.JpaRepository.<S>findAll(org.springframework.data.domain.Example<S>,org.springframework.data.domain.Sort)不适用
      (无法推断类型变量 S
        (实际参数列表和形式参数列表长度不同))
[ERROR] /G:/QuizApp/backend/src/main/java/com/quizapp/service/impl/QuestionServiceImpl.java:[182,76] 找不到符号
  符号:   方法 isBlank()
  位置: 类 java.lang.String
[INFO] 29 errors 
[INFO] -------------------------------------------------------------
[INFO] ------------------------------------------------------------------------
[INFO] BUILD FAILURE
[INFO] ------------------------------------------------------------------------
[INFO] Total time:  3.460 s
[INFO] Finished at: 2026-06-22T11:59:52+08:00
[INFO] ------------------------------------------------------------------------
[ERROR] Failed to execute goal org.apache.maven.plugins:maven-compiler-plugin:3.10.1:compile (default-compile) on project quiz-app-backend: Compilation failure: Compilation failure: 
[ERROR] /G:/QuizApp/backend/src/main/java/com/quizapp/service/impl/AdminServiceImpl.java:[65,72] 找不到符号
[ERROR]   符号:   方法 isBlank()
[ERROR]   位置: 类 java.lang.String
[ERROR] /G:/QuizApp/backend/src/main/java/com/quizapp/service/impl/AdminServiceImpl.java:[71,62] 找不到符号
[ERROR]   符号:   方法 isBlank()
[ERROR]   位置: 类 java.lang.String
[ERROR] /G:/QuizApp/backend/src/main/java/com/quizapp/service/impl/AdminServiceImpl.java:[77,57] 对于findAll(org.springframework.data.jpa.domain.Specification<com.quizapp.entity.Question>,org.springframework.data.domain.Pageable), 找不到合适的方法
[ERROR]     方法 org.springframework.data.repository.query.QueryByExampleExecutor.<S>findAll(org.springframework.data.domain.Example<S>)不适用
[ERROR]       (无法推断类型变量 S
[ERROR]         (实际参数列表和形式参数列表长度不同))
[ERROR]     方法 org.springframework.data.repository.query.QueryByExampleExecutor.<S>findAll(org.springframework.data.domain.Example<S>,org.springframework.data.domain.Sort)不适用
[ERROR]       (无法推断类型变量 S
[ERROR]         (参数不匹配; org.springframework.data.jpa.domain.Specification<com.quizapp.entity.Question>无法转换为org.springframework.data.domain.Example<S>))
[ERROR]     方法 org.springframework.data.repository.query.QueryByExampleExecutor.<S>findAll(org.springframework.data.domain.Example<S>,org.springframework.data.domain.Pageable)不适用
[ERROR]       (无法推断类型变量 S
[ERROR]         (参数不匹配; org.springframework.data.jpa.domain.Specification<com.quizapp.entity.Question>无法转换为org.springframework.data.domain.Example<S>))
[ERROR]     方法 org.springframework.data.jpa.repository.JpaRepository.<S>findAll(org.springframework.data.domain.Example<S>)不适用
[ERROR]       (无法推断类型变量 S
[ERROR]         (实际参数列表和形式参数列表长度不同))
[ERROR]     方法 org.springframework.data.jpa.repository.JpaRepository.<S>findAll(org.springframework.data.domain.Example<S>,org.springframework.data.domain.Sort)不适用
[ERROR]       (无法推断类型变量 S
[ERROR]         (参数不匹配; org.springframework.data.jpa.domain.Specification<com.quizapp.entity.Question>无法转换为org.springframework.data.domain.Example<S>))
[ERROR] /G:/QuizApp/backend/src/main/java/com/quizapp/service/impl/AdminServiceImpl.java:[103,24] 找不到符号
[ERROR]   符号:   方法 isEmpty()
[ERROR]   位置: 类型为java.util.Optional<com.quizapp.entity.Question>的变量 existingOpt
[ERROR] /G:/QuizApp/backend/src/main/java/com/quizapp/service/impl/AdminServiceImpl.java:[132,24] 找不到符号
[ERROR]   符号:   方法 isEmpty()
[ERROR]   位置: 类型为java.util.Optional<com.quizapp.entity.Question>的变量 questionOpt
[ERROR] /G:/QuizApp/backend/src/main/java/com/quizapp/service/impl/AdminServiceImpl.java:[161,20] 找不到符号
[ERROR]   符号:   方法 isEmpty()
[ERROR]   位置: 类型为java.util.Optional<com.quizapp.entity.User>的变量 userOpt
[ERROR] /G:/QuizApp/backend/src/main/java/com/quizapp/service/impl/AdminServiceImpl.java:[190,24] 找不到符号
[ERROR]   符号:   方法 isEmpty()
[ERROR]   位置: 类型为java.util.Optional<com.quizapp.entity.Category>的变量 existingOpt
[ERROR] /G:/QuizApp/backend/src/main/java/com/quizapp/service/impl/PracticeServiceImpl.java:[106,23] 找不到符号
[ERROR]   符号:   方法 isEmpty()
[ERROR]   位置: 类型为java.util.Optional<com.quizapp.entity.PracticeSession>的变量 sessionOpt
[ERROR] /G:/QuizApp/backend/src/main/java/com/quizapp/service/impl/PracticeServiceImpl.java:[111,24] 找不到符号
[ERROR]   符号:   方法 isEmpty()
[ERROR]   位置: 类型为java.util.Optional<com.quizapp.entity.Question>的变量 questionOpt
[ERROR] /G:/QuizApp/backend/src/main/java/com/quizapp/service/impl/PracticeServiceImpl.java:[139,61] 不兼容的类型: java.lang.Integer无法转换为java.lang.Long
[ERROR] /G:/QuizApp/backend/src/main/java/com/quizapp/service/impl/PracticeServiceImpl.java:[158,23] 找不到符号
[ERROR]   符号:   方法 isEmpty()
[ERROR]   位置: 类型为java.util.Optional<com.quizapp.entity.PracticeSession>的变量 sessionOpt
[ERROR] /G:/QuizApp/backend/src/main/java/com/quizapp/service/impl/PracticeServiceImpl.java:[178,23] 找不到符号
[ERROR]   符号:   方法 isEmpty()
[ERROR]   位置: 类型为java.util.Optional<com.quizapp.entity.PracticeSession>的变量 sessionOpt
[ERROR] /G:/QuizApp/backend/src/main/java/com/quizapp/service/impl/PracticeServiceImpl.java:[232,42] 无法将接口 com.quizapp.repository.QuestionRepository中的方法 findByStatus应用到给定类型;
[ERROR]   需要: java.lang.Integer,org.springframework.data.domain.Pageable
[ERROR]   找到: org.springframework.data.domain.Pageable
[ERROR]   原因: 实际参数列表和形式参数列表长度不同
[ERROR] /G:/QuizApp/backend/src/main/java/com/quizapp/service/impl/PracticeServiceImpl.java:[465,76] 找不到符号
[ERROR]   符号:   方法 isBlank()
[ERROR]   位置: 类 java.lang.String
[ERROR] /G:/QuizApp/backend/src/main/java/com/quizapp/service/impl/UserServiceImpl.java:[34,20] 找不到符号
[ERROR]   符号:   方法 isEmpty()
[ERROR]   位置: 类型为java.util.Optional<com.quizapp.entity.User>的变量 userOpt
[ERROR] /G:/QuizApp/backend/src/main/java/com/quizapp/service/impl/UserServiceImpl.java:[83,20] 找不到符号
[ERROR]   符号:   方法 isEmpty()
[ERROR]   位置: 类型为java.util.Optional<com.quizapp.entity.User>的变量 userOpt
[ERROR] /G:/QuizApp/backend/src/main/java/com/quizapp/service/impl/UserServiceImpl.java:[95,20] 找不到符号
[ERROR]   符号:   方法 isEmpty()
[ERROR]   位置: 类型为java.util.Optional<com.quizapp.entity.User>的变量 userOpt
[ERROR] /G:/QuizApp/backend/src/main/java/com/quizapp/service/impl/UserServiceImpl.java:[99,42] 找不到符号
[ERROR]   符号:   方法 isBlank()
[ERROR]   位置: 类型为java.lang.String的变量 nickname
[ERROR] /G:/QuizApp/backend/src/main/java/com/quizapp/service/impl/UserServiceImpl.java:[114,20] 找不到符号
[ERROR]   符号:   方法 isEmpty()
[ERROR]   位置: 类型为java.util.Optional<com.quizapp.entity.User>的变量 userOpt
[ERROR] /G:/QuizApp/backend/src/main/java/com/quizapp/service/impl/UserServiceImpl.java:[131,20] 找不到符号
[ERROR]   符号:   方法 isEmpty()
[ERROR]   位置: 类型为java.util.Optional<com.quizapp.entity.User>的变量 userOpt
[ERROR] /G:/QuizApp/backend/src/main/java/com/quizapp/service/impl/StatsServiceImpl.java:[71,19] 找不到符号
[ERROR]   符号:   方法 setCorrectRate(double)
[ERROR]   位置: 类型为com.quizapp.vo.UserStatsVO的变量 vo
[ERROR] /G:/QuizApp/backend/src/main/java/com/quizapp/service/impl/StatsServiceImpl.java:[73,19] 找不到符号
[ERROR]   符号:   方法 setCorrectRate(double)
[ERROR]   位置: 类型为com.quizapp.vo.UserStatsVO的变量 vo
[ERROR] /G:/QuizApp/backend/src/main/java/com/quizapp/service/impl/StatsServiceImpl.java:[79,15] 找不到符号
[ERROR]   符号:   方法 setCorrectRate(double)
[ERROR]   位置: 类型为com.quizapp.vo.UserStatsVO的变量 vo
[ERROR] /G:/QuizApp/backend/src/main/java/com/quizapp/service/impl/QuestionServiceImpl.java:[69,72] 找不到符号
[ERROR]   符号:   方法 isBlank()
[ERROR]   位置: 类 java.lang.String
[ERROR] /G:/QuizApp/backend/src/main/java/com/quizapp/service/impl/QuestionServiceImpl.java:[75,62] 找不到符号
[ERROR]   符号:   方法 isBlank()
[ERROR]   位置: 类 java.lang.String
[ERROR] /G:/QuizApp/backend/src/main/java/com/quizapp/service/impl/QuestionServiceImpl.java:[81,57] 对于findAll(org.springframework.data.jpa.domain.Specification<com.quizapp.entity.Question>,org.springframework.data.domain.Pageable), 找不到合适的方法
[ERROR]     方法 org.springframework.data.repository.query.QueryByExampleExecutor.<S>findAll(org.springframework.data.domain.Example<S>)不适用
[ERROR]       (无法推断类型变量 S
[ERROR]         (实际参数列表和形式参数列表长度不同))
[ERROR]     方法 org.springframework.data.repository.query.QueryByExampleExecutor.<S>findAll(org.springframework.data.domain.Example<S>,org.springframework.data.domain.Sort)不适用
[ERROR]       (无法推断类型变量 S
[ERROR]         (参数不匹配; org.springframework.data.jpa.domain.Specification<com.quizapp.entity.Question>无法转换为org.springframework.data.domain.Example<S>))
[ERROR]     方法 org.springframework.data.repository.query.QueryByExampleExecutor.<S>findAll(org.springframework.data.domain.Example<S>,org.springframework.data.domain.Pageable)不适用
[ERROR]       (无法推断类型变量 S
[ERROR]         (参数不匹配; org.springframework.data.jpa.domain.Specification<com.quizapp.entity.Question>无法转换为org.springframework.data.domain.Example<S>))
[ERROR]     方法 org.springframework.data.jpa.repository.JpaRepository.<S>findAll(org.springframework.data.domain.Example<S>)不适用
[ERROR]       (无法推断类型变量 S
[ERROR]         (实际参数列表和形式参数列表长度不同))
[ERROR]     方法 org.springframework.data.jpa.repository.JpaRepository.<S>findAll(org.springframework.data.domain.Example<S>,org.springframework.data.domain.Sort)不适用
[ERROR]       (无法推断类型变量 S
[ERROR]         (参数不匹配; org.springframework.data.jpa.domain.Specification<com.quizapp.entity.Question>无法转换为org.springframework.data.domain.Example<S>))
[ERROR] /G:/QuizApp/backend/src/main/java/com/quizapp/service/impl/QuestionServiceImpl.java:[98,24] 找不到符号
[ERROR]   符号:   方法 isEmpty()
[ERROR]   位置: 类型为java.util.Optional<com.quizapp.entity.Question>的变量 questionOpt
[ERROR] /G:/QuizApp/backend/src/main/java/com/quizapp/service/impl/QuestionServiceImpl.java:[153,54] 对于findAll(org.springframework.data.jpa.domain.Specification<com.quizapp.entity.Question>), 找不到合适的方法
[ERROR]     方法 org.springframework.data.repository.query.QueryByExampleExecutor.<S>findAll(org.springframework.data.domain.Example<S>)不适用
[ERROR]       (无法推断类型变量 S
[ERROR]         (参数不匹配; org.springframework.data.jpa.domain.Specification<com.quizapp.entity.Question>无法转换为org.springframework.data.domain.Example<S>))
[ERROR]     方法 org.springframework.data.repository.query.QueryByExampleExecutor.<S>findAll(org.springframework.data.domain.Example<S>,org.springframework.data.domain.Sort)不适用
[ERROR]       (无法推断类型变量 S
[ERROR]         (实际参数列表和形式参数列表长度不同))
[ERROR]     方法 org.springframework.data.repository.query.QueryByExampleExecutor.<S>findAll(org.springframework.data.domain.Example<S>,org.springframework.data.domain.Pageable)不适用
[ERROR]       (无法推断类型变量 S
[ERROR]         (实际参数列表和形式参数列表长度不同))
[ERROR]     方法 org.springframework.data.repository.PagingAndSortingRepository.findAll(org.springframework.data.domain.Sort)不适用
[ERROR]       (参数不匹配; org.springframework.data.jpa.domain.Specification<com.quizapp.entity.Question>无法转换为org.springframework.data.domain.Sort)
[ERROR]     方法 org.springframework.data.repository.PagingAndSortingRepository.findAll(org.springframework.data.domain.Pageable)不适用
[ERROR]       (参数不匹配; org.springframework.data.jpa.domain.Specification<com.quizapp.entity.Question>无法转换为org.springframework.data.domain.Pageable)
[ERROR]     方法 org.springframework.data.jpa.repository.JpaRepository.findAll(org.springframework.data.domain.Sort)不适用
[ERROR]       (参数不匹配; org.springframework.data.jpa.domain.Specification<com.quizapp.entity.Question>无法转换为org.springframework.data.domain.Sort)
[ERROR]     方法 org.springframework.data.jpa.repository.JpaRepository.<S>findAll(org.springframework.data.domain.Example<S>)不适用
[ERROR]       (无法推断类型变量 S
[ERROR]         (参数不匹配; org.springframework.data.jpa.domain.Specification<com.quizapp.entity.Question>无法转换为org.springframework.data.domain.Example<S>))
[ERROR]     方法 org.springframework.data.jpa.repository.JpaRepository.<S>findAll(org.springframework.data.domain.Example<S>,org.springframework.data.domain.Sort)不适用
[ERROR]       (无法推断类型变量 S
[ERROR]         (实际参数列表和形式参数列表长度不同))
[ERROR] /G:/QuizApp/backend/src/main/java/com/quizapp/service/impl/QuestionServiceImpl.java:[182,76] 找不到符号
[ERROR]   符号:   方法 isBlank()
[ERROR]   位置: 类 java.lang.String
[ERROR] -> [Help 1]
[ERROR] 
[ERROR] To see the full stack trace of the errors, re-run Maven with the -e switch.
[ERROR] Re-run Maven using the -X switch to enable full debug logging.
[ERROR] 
[ERROR] For more information about the errors and possible solutions, please read the following articles:
[ERROR] [Help 1] http://cwiki.apache.org/confluence/display/MAVEN/MojoFailureException
